\BOOKMARK [1][-]{section.1}{\376\377\000I\000n\000t\000r\000o\000d\000u\000c\000t\000i\000o\000n}{}% 1
\BOOKMARK [2][-]{subsection.1.1}{\376\377\000B\000a\000c\000k\000g\000r\000o\000u\000n\000d}{section.1}% 2
\BOOKMARK [2][-]{subsection.1.2}{\376\377\000P\000r\000o\000b\000l\000e\000m\000\040\000S\000t\000a\000t\000e\000m\000e\000n\000t}{section.1}% 3
\BOOKMARK [2][-]{subsection.1.3}{\376\377\000S\000o\000l\000u\000t\000i\000o\000n\000\040\000A\000p\000p\000r\000o\000a\000c\000h}{section.1}% 4
\BOOKMARK [2][-]{subsection.1.4}{\376\377\000P\000a\000p\000e\000r\000\040\000O\000r\000g\000a\000n\000i\000z\000a\000t\000i\000o\000n}{section.1}% 5
\BOOKMARK [1][-]{section.2}{\376\377\000P\000r\000o\000b\000l\000e\000m\000\040\000F\000o\000r\000m\000u\000l\000a\000t\000i\000o\000n}{}% 6
\BOOKMARK [2][-]{subsection.2.1}{\376\377\000S\000e\000q\000u\000e\000n\000t\000i\000a\000l\000\040\000G\000a\000m\000e\000s}{section.2}% 7
\BOOKMARK [2][-]{subsection.2.2}{\376\377\000S\000t\000a\000t\000e\000\040\000E\000x\000p\000l\000o\000r\000a\000t\000i\000o\000n}{section.2}% 8
\BOOKMARK [2][-]{subsection.2.3}{\376\377\000R\000e\000t\000r\000o\000g\000r\000a\000d\000e\000\040\000A\000n\000a\000l\000y\000s\000i\000s}{section.2}% 9
\BOOKMARK [2][-]{subsection.2.4}{\376\377\000D\000a\000t\000a\000s\000e\000t\000\040\000G\000e\000n\000e\000r\000a\000t\000i\000o\000n}{section.2}% 10
\BOOKMARK [2][-]{subsection.2.5}{\376\377\000T\000a\000s\000k\000\040\000P\000a\000r\000a\000l\000l\000e\000l\000i\000z\000a\000t\000i\000o\000n}{section.2}% 11
\BOOKMARK [1][-]{section.3}{\376\377\000S\000y\000s\000t\000e\000m\000\040\000O\000v\000e\000r\000v\000i\000e\000w}{}% 12
\BOOKMARK [2][-]{subsection.3.1}{\376\377\000D\000e\000s\000i\000g\000n\000\040\000O\000b\000j\000e\000c\000t\000i\000v\000e\000s}{section.3}% 13
\BOOKMARK [2][-]{subsection.3.2}{\376\377\000L\000i\000b\000r\000a\000r\000y\000\040\000O\000r\000g\000a\000n\000i\000z\000a\000t\000i\000o\000n}{section.3}% 14
\BOOKMARK [2][-]{subsection.3.3}{\376\377\000S\000y\000s\000t\000e\000m\000\040\000I\000m\000p\000l\000e\000m\000e\000n\000t\000a\000t\000i\000o\000n}{section.3}% 15
\BOOKMARK [1][-]{section.4}{\376\377\000G\000a\000m\000e\000\040\000A\000b\000s\000t\000r\000a\000c\000t\000i\000o\000n}{}% 16
\BOOKMARK [2][-]{subsection.4.1}{\376\377\000I\000n\000t\000e\000r\000f\000a\000c\000e\000\040\000O\000r\000g\000a\000n\000i\000z\000a\000t\000i\000o\000n}{section.4}% 17
\BOOKMARK [2][-]{subsection.4.2}{\376\377\000E\000x\000a\000m\000p\000l\000e\000\040\000I\000m\000p\000l\000e\000m\000e\000n\000t\000a\000t\000i\000o\000n}{section.4}% 18
\BOOKMARK [2][-]{subsection.4.3}{\376\377\000D\000e\000v\000e\000l\000o\000p\000m\000e\000n\000t\000\040\000W\000o\000r\000k\000f\000l\000o\000w}{section.4}% 19
\BOOKMARK [1][-]{section.5}{\376\377\000C\000o\000o\000p\000e\000r\000a\000t\000i\000v\000e\000\040\000S\000c\000h\000e\000d\000u\000l\000e\000r}{}% 20
\BOOKMARK [2][-]{subsection.5.1}{\376\377\000P\000a\000r\000a\000d\000i\000g\000m\000\040\000S\000e\000l\000e\000c\000t\000i\000o\000n}{section.5}% 21
\BOOKMARK [2][-]{subsection.5.2}{\376\377\000T\000a\000s\000k\000\040\000L\000i\000f\000e\000c\000y\000c\000l\000e}{section.5}% 22
\BOOKMARK [2][-]{subsection.5.3}{\376\377\000M\000e\000r\000g\000e\000\040\000S\000e\000m\000a\000n\000t\000i\000c\000s}{section.5}% 23
\BOOKMARK [2][-]{subsection.5.4}{\376\377\000F\000i\000v\000e\000-\000P\000h\000a\000s\000e\000\040\000T\000i\000c\000k}{section.5}% 24
\BOOKMARK [2][-]{subsection.5.5}{\376\377\000T\000a\000s\000k\000\040\000C\000y\000c\000l\000i\000c\000i\000t\000y}{section.5}% 25
\BOOKMARK [1][-]{section.6}{\376\377\000C\000r\000i\000t\000i\000c\000a\000l\000-\000D\000y\000n\000a\000m\000i\000c\000\040\000P\000o\000l\000i\000c\000y}{}% 26
\BOOKMARK [2][-]{subsection.6.1}{\376\377\000P\000a\000r\000a\000d\000i\000g\000m\000\040\000S\000e\000l\000e\000c\000t\000i\000o\000n}{section.6}% 27
\BOOKMARK [2][-]{subsection.6.2}{\376\377\000P\000r\000e\000e\000m\000p\000t\000i\000o\000n\000\040\000D\000e\000c\000i\000s\000i\000o\000n\000s}{section.6}% 28
\BOOKMARK [2][-]{subsection.6.3}{\376\377\000S\000c\000h\000e\000d\000u\000l\000i\000n\000g\000\040\000D\000e\000c\000i\000s\000i\000o\000n\000s}{section.6}% 29
\BOOKMARK [2][-]{subsection.6.4}{\376\377\000T\000h\000e\000o\000r\000e\000t\000i\000c\000a\000l\000\040\000A\000n\000a\000l\000y\000s\000i\000s}{section.6}% 30
\BOOKMARK [1][-]{section.7}{\376\377\000E\000v\000a\000l\000u\000a\000t\000i\000o\000n}{}% 31
\BOOKMARK [2][-]{subsection.7.1}{\376\377\000E\000x\000p\000e\000r\000i\000m\000e\000n\000t\000a\000l\000\040\000S\000e\000t\000u\000p}{section.7}% 32
\BOOKMARK [2][-]{subsection.7.2}{\376\377\000S\000c\000h\000e\000d\000u\000l\000e\000r\000\040\000P\000e\000r\000f\000o\000r\000m\000a\000n\000c\000e}{section.7}% 33
\BOOKMARK [2][-]{subsection.7.3}{\376\377\000S\000c\000a\000l\000a\000b\000i\000l\000i\000t\000y\000\040\000A\000n\000a\000l\000y\000s\000i\000s}{section.7}% 34
\BOOKMARK [2][-]{subsection.7.4}{\376\377\000C\000o\000r\000r\000e\000c\000t\000n\000e\000s\000s\000\040\000V\000a\000l\000i\000d\000a\000t\000i\000o\000n}{section.7}% 35
\BOOKMARK [1][-]{section.8}{\376\377\000R\000e\000l\000a\000t\000e\000d\000\040\000W\000o\000r\000k}{}% 36
\BOOKMARK [2][-]{subsection.8.1}{\376\377\000T\000a\000s\000k\000\040\000S\000c\000h\000e\000d\000u\000l\000i\000n\000g\000\040\000S\000y\000s\000t\000e\000m\000s}{section.8}% 37
\BOOKMARK [2][-]{subsection.8.2}{\376\377\000G\000a\000m\000e\000\040\000S\000o\000l\000v\000i\000n\000g\000\040\000P\000l\000a\000t\000f\000o\000r\000m\000s}{section.8}% 38
\BOOKMARK [1][-]{section.9}{\376\377\000D\000i\000s\000c\000u\000s\000s\000i\000o\000n}{}% 39
\BOOKMARK [2][-]{subsection.9.1}{\376\377\000L\000i\000m\000i\000t\000a\000t\000i\000o\000n\000s}{section.9}% 40
\BOOKMARK [2][-]{subsection.9.2}{\376\377\000F\000u\000t\000u\000r\000e\000\040\000W\000o\000r\000k}{section.9}% 41
\BOOKMARK [1][-]{section*.2}{\376\377\000R\000e\000f\000e\000r\000e\000n\000c\000e\000s}{}% 42
